exports[`test The Home component displays the home page. 1`] = `
<div>
  Home Page
</div>
`;
