exports[`test it displays the "NYI" message. 1`] = `
<footer
  className="info">
  <p>
    Double-click to edit a todo
  </p>
  <p>
    Created by 
    <a
      href="http://heyn.io">
      Nick Heyn
    </a>
  </p>
  <p>
    Part of 
    <a
      href="http://todomvc.com">
      TodoMVC
    </a>
  </p>
</footer>
`;
