exports[`test it displays the "NYI" message. 1`] = `
<header>
  NYI: Header
</header>
`;
