exports[`test it displays the header and footer around its children 1`] = `
<div>
  <section
    className="todoapp">
    <header>
      NYI: Header
    </header>
    Test Page Content
  </section>
  <footer>
    NYI: Footer
  </footer>
</div>
`;
