exports[`test it throws an error if the given index is not in the state 1`] = `"Invalid todo list index: 5"`;
